

$SDF_CELL ST_SPHDL_1024x8m8_L
"

(TIMINGCHECK (PERIOD (posedge CK) ($3:$4:$4))) 
(TIMINGCHECK (WIDTH (posedge CK) ($5:$6:$6)))
(TIMINGCHECK (WIDTH (negedge CK) ($7:$8:$8)))
(TIMINGCHECK (SETUP (posedge CSN) CK ($9:$10:$10)))
(TIMINGCHECK (SETUP (negedge CSN) CK ($11:$12:$12)))
(TIMINGCHECK (HOLD (posedge CSN) CK ($13:$14:$14)))
(TIMINGCHECK (HOLD (negedge CSN) CK ($15:$16:$16)))
(TIMINGCHECK (SETUP (posedge WEN) CK ($17:$18:$18)))
(TIMINGCHECK (SETUP (negedge WEN) CK ($19:$20:$20)))
(TIMINGCHECK (HOLD (posedge WEN) CK ($21:$22:$22)))
(TIMINGCHECK (HOLD (negedge WEN) CK ($23:$24:$24)))

(TIMINGCHECK (SETUP (posedge A[0]) (posedge CK) ($25:$26:$26)))
(TIMINGCHECK (SETUP (posedge A[1]) (posedge CK) ($27:$28:$28)))
(TIMINGCHECK (SETUP (posedge A[2]) (posedge CK) ($29:$30:$30)))
(TIMINGCHECK (SETUP (posedge A[3]) (posedge CK) ($31:$32:$32)))
(TIMINGCHECK (SETUP (posedge A[4]) (posedge CK) ($33:$34:$34)))
(TIMINGCHECK (SETUP (posedge A[5]) (posedge CK) ($35:$36:$36)))
(TIMINGCHECK (SETUP (posedge A[6]) (posedge CK) ($37:$38:$38)))
(TIMINGCHECK (SETUP (posedge A[7]) (posedge CK) ($39:$40:$40)))
(TIMINGCHECK (SETUP (posedge A[8]) (posedge CK) ($41:$42:$42)))
(TIMINGCHECK (SETUP (posedge A[9]) (posedge CK) ($43:$44:$44)))
(TIMINGCHECK (SETUP (negedge A[0]) (posedge CK) ($45:$46:$46)))
(TIMINGCHECK (SETUP (negedge A[1]) (posedge CK) ($47:$48:$48)))
(TIMINGCHECK (SETUP (negedge A[2]) (posedge CK) ($49:$50:$50)))
(TIMINGCHECK (SETUP (negedge A[3]) (posedge CK) ($51:$52:$52)))
(TIMINGCHECK (SETUP (negedge A[4]) (posedge CK) ($53:$54:$54)))
(TIMINGCHECK (SETUP (negedge A[5]) (posedge CK) ($55:$56:$56)))
(TIMINGCHECK (SETUP (negedge A[6]) (posedge CK) ($57:$58:$58)))
(TIMINGCHECK (SETUP (negedge A[7]) (posedge CK) ($59:$60:$60)))
(TIMINGCHECK (SETUP (negedge A[8]) (posedge CK) ($61:$62:$62)))
(TIMINGCHECK (SETUP (negedge A[9]) (posedge CK) ($63:$64:$64)))
(TIMINGCHECK (HOLD (posedge A[0]) (posedge CK) ($65:$66:$66)))
(TIMINGCHECK (HOLD (posedge A[1]) (posedge CK) ($67:$68:$68)))
(TIMINGCHECK (HOLD (posedge A[2]) (posedge CK) ($69:$70:$70)))
(TIMINGCHECK (HOLD (posedge A[3]) (posedge CK) ($71:$72:$72)))
(TIMINGCHECK (HOLD (posedge A[4]) (posedge CK) ($73:$74:$74)))
(TIMINGCHECK (HOLD (posedge A[5]) (posedge CK) ($75:$76:$76)))
(TIMINGCHECK (HOLD (posedge A[6]) (posedge CK) ($77:$78:$78)))
(TIMINGCHECK (HOLD (posedge A[7]) (posedge CK) ($79:$80:$80)))
(TIMINGCHECK (HOLD (posedge A[8]) (posedge CK) ($81:$82:$82)))
(TIMINGCHECK (HOLD (posedge A[9]) (posedge CK) ($83:$84:$84)))
(TIMINGCHECK (HOLD (negedge A[0]) (posedge CK) ($85:$86:$86)))
(TIMINGCHECK (HOLD (negedge A[1]) (posedge CK) ($87:$88:$88)))
(TIMINGCHECK (HOLD (negedge A[2]) (posedge CK) ($89:$90:$90)))
(TIMINGCHECK (HOLD (negedge A[3]) (posedge CK) ($91:$92:$92)))
(TIMINGCHECK (HOLD (negedge A[4]) (posedge CK) ($93:$94:$94)))
(TIMINGCHECK (HOLD (negedge A[5]) (posedge CK) ($95:$96:$96)))
(TIMINGCHECK (HOLD (negedge A[6]) (posedge CK) ($97:$98:$98)))
(TIMINGCHECK (HOLD (negedge A[7]) (posedge CK) ($99:$100:$100)))
(TIMINGCHECK (HOLD (negedge A[8]) (posedge CK) ($101:$102:$102)))
(TIMINGCHECK (HOLD (negedge A[9]) (posedge CK) ($103:$104:$104)))

(TIMINGCHECK (SETUP (posedge D[0]) (posedge CK) ($105:$106:$106)))
(TIMINGCHECK (SETUP (posedge D[1]) (posedge CK) ($107:$108:$108)))
(TIMINGCHECK (SETUP (posedge D[2]) (posedge CK) ($109:$110:$110)))
(TIMINGCHECK (SETUP (posedge D[3]) (posedge CK) ($111:$112:$112)))
(TIMINGCHECK (SETUP (posedge D[4]) (posedge CK) ($113:$114:$114)))
(TIMINGCHECK (SETUP (posedge D[5]) (posedge CK) ($115:$116:$116)))
(TIMINGCHECK (SETUP (posedge D[6]) (posedge CK) ($117:$118:$118)))
(TIMINGCHECK (SETUP (posedge D[7]) (posedge CK) ($119:$120:$120)))
(TIMINGCHECK (SETUP (negedge D[0]) (posedge CK) ($121:$122:$122)))
(TIMINGCHECK (SETUP (negedge D[1]) (posedge CK) ($123:$124:$124)))
(TIMINGCHECK (SETUP (negedge D[2]) (posedge CK) ($125:$126:$126)))
(TIMINGCHECK (SETUP (negedge D[3]) (posedge CK) ($127:$128:$128)))
(TIMINGCHECK (SETUP (negedge D[4]) (posedge CK) ($129:$130:$130)))
(TIMINGCHECK (SETUP (negedge D[5]) (posedge CK) ($131:$132:$132)))
(TIMINGCHECK (SETUP (negedge D[6]) (posedge CK) ($133:$134:$134)))
(TIMINGCHECK (SETUP (negedge D[7]) (posedge CK) ($135:$136:$136)))
(TIMINGCHECK (HOLD (posedge D[0]) (posedge CK) ($137:$138:$138)))
(TIMINGCHECK (HOLD (posedge D[1]) (posedge CK) ($139:$140:$140)))
(TIMINGCHECK (HOLD (posedge D[2]) (posedge CK) ($141:$142:$142)))
(TIMINGCHECK (HOLD (posedge D[3]) (posedge CK) ($143:$144:$144)))
(TIMINGCHECK (HOLD (posedge D[4]) (posedge CK) ($145:$146:$146)))
(TIMINGCHECK (HOLD (posedge D[5]) (posedge CK) ($147:$148:$148)))
(TIMINGCHECK (HOLD (posedge D[6]) (posedge CK) ($149:$150:$150)))
(TIMINGCHECK (HOLD (posedge D[7]) (posedge CK) ($151:$152:$152)))
(TIMINGCHECK (HOLD (negedge D[0]) (posedge CK) ($153:$154:$154)))
(TIMINGCHECK (HOLD (negedge D[1]) (posedge CK) ($155:$156:$156)))
(TIMINGCHECK (HOLD (negedge D[2]) (posedge CK) ($157:$158:$158)))
(TIMINGCHECK (HOLD (negedge D[3]) (posedge CK) ($159:$160:$160)))
(TIMINGCHECK (HOLD (negedge D[4]) (posedge CK) ($161:$162:$162)))
(TIMINGCHECK (HOLD (negedge D[5]) (posedge CK) ($163:$164:$164)))
(TIMINGCHECK (HOLD (negedge D[6]) (posedge CK) ($165:$166:$166)))
(TIMINGCHECK (HOLD (negedge D[7]) (posedge CK) ($167:$168:$168)))

(TIMINGCHECK (SETUP (posedge TBYPASS) (posedge CK) ($169:$170:$170)))
(TIMINGCHECK (SETUP (negedge TBYPASS) (posedge CK) ($171:$172:$172)))

(TIMINGCHECK (HOLD (posedge TBYPASS) (posedge CK) ($173:$174:$174)))
(TIMINGCHECK (HOLD (negedge TBYPASS) (posedge CK) ($175:$176:$176))) 

(DELAY (ABSOLUTE (COND (TBYPASS) (IOPATH $2/TBYPASS $2/delTBYPASS[0] ($177:$178:$178)))))
(DELAY (ABSOLUTE (COND (TBYPASS) (IOPATH $2/TBYPASS $2/delTBYPASS[1] ($179:$180:$180)))))
(DELAY (ABSOLUTE (COND (TBYPASS) (IOPATH $2/TBYPASS $2/delTBYPASS[2] ($181:$182:$182)))))
(DELAY (ABSOLUTE (COND (TBYPASS) (IOPATH $2/TBYPASS $2/delTBYPASS[3] ($183:$184:$184)))))
(DELAY (ABSOLUTE (COND (TBYPASS) (IOPATH $2/TBYPASS $2/delTBYPASS[4] ($185:$186:$186)))))
(DELAY (ABSOLUTE (COND (TBYPASS) (IOPATH $2/TBYPASS $2/delTBYPASS[5] ($187:$188:$188)))))
(DELAY (ABSOLUTE (COND (TBYPASS) (IOPATH $2/TBYPASS $2/delTBYPASS[6] ($189:$190:$190)))))
(DELAY (ABSOLUTE (COND (TBYPASS) (IOPATH $2/TBYPASS $2/delTBYPASS[7] ($191:$192:$192)))))
(DELAY (ABSOLUTE (IOPATH $2/D[0] $2/TBYPASS_D_Q[0] ($193:$194:$194) ($195:$196:$196))))
(DELAY (ABSOLUTE (IOPATH $2/D[1] $2/TBYPASS_D_Q[1] ($197:$198:$198) ($199:$200:$200))))
(DELAY (ABSOLUTE (IOPATH $2/D[2] $2/TBYPASS_D_Q[2] ($201:$202:$202) ($203:$204:$204))))
(DELAY (ABSOLUTE (IOPATH $2/D[3] $2/TBYPASS_D_Q[3] ($205:$206:$206) ($207:$208:$208))))
(DELAY (ABSOLUTE (IOPATH $2/D[4] $2/TBYPASS_D_Q[4] ($209:$210:$210) ($211:$212:$212))))
(DELAY (ABSOLUTE (IOPATH $2/D[5] $2/TBYPASS_D_Q[5] ($213:$214:$214) ($215:$216:$216))))
(DELAY (ABSOLUTE (IOPATH $2/D[6] $2/TBYPASS_D_Q[6] ($217:$218:$218) ($219:$220:$220))))
(DELAY (ABSOLUTE (IOPATH $2/D[7] $2/TBYPASS_D_Q[7] ($221:$222:$222) ($223:$224:$224))))



      



   

(DELAY (ABSOLUTE (COND (WENreg) && !ICGFlag (IOPATH $2/CK $2/Q_data[0] ($225:$226:$226) ($227:$228:$228) ($229:$230:$230)  ($231:$232:$232) ($233:$234:$234) ($235:$236:$236))))) 
(DELAY (ABSOLUTE (COND (WENreg) && !ICGFlag (IOPATH $2/CK $2/Q_data[1] ($237:$238:$238) ($239:$240:$240) ($241:$242:$242)  ($243:$244:$244) ($245:$246:$246) ($247:$248:$248))))) 
(DELAY (ABSOLUTE (COND (WENreg) && !ICGFlag (IOPATH $2/CK $2/Q_data[2] ($249:$250:$250) ($251:$252:$252) ($253:$254:$254)  ($255:$256:$256) ($257:$258:$258) ($259:$260:$260))))) 
(DELAY (ABSOLUTE (COND (WENreg) && !ICGFlag (IOPATH $2/CK $2/Q_data[3] ($261:$262:$262) ($263:$264:$264) ($265:$266:$266)  ($267:$268:$268) ($269:$270:$270) ($271:$272:$272))))) 
(DELAY (ABSOLUTE (COND (WENreg) && !ICGFlag (IOPATH $2/CK $2/Q_data[4] ($273:$274:$274) ($275:$276:$276) ($277:$278:$278)  ($279:$280:$280) ($281:$282:$282) ($283:$284:$284))))) 
(DELAY (ABSOLUTE (COND (WENreg) && !ICGFlag (IOPATH $2/CK $2/Q_data[5] ($285:$286:$286) ($287:$288:$288) ($289:$290:$290)  ($291:$292:$292) ($293:$294:$294) ($295:$296:$296))))) 
(DELAY (ABSOLUTE (COND (WENreg) && !ICGFlag (IOPATH $2/CK $2/Q_data[6] ($297:$298:$298) ($299:$300:$300) ($301:$302:$302)  ($303:$304:$304) ($305:$306:$306) ($307:$308:$308))))) 
(DELAY (ABSOLUTE (COND (WENreg) && !ICGFlag (IOPATH $2/CK $2/Q_data[7] ($309:$310:$310) ($311:$312:$312) ($313:$314:$314)  ($315:$316:$316) ($317:$318:$318) ($319:$320:$320)))))       

(DELAY (ABSOLUTE (COND !ICGFlag (IOPATH $2/CK $2/Q_glitch[0] ($321:$322:$322) ($323:$324:$324)))))
(DELAY (ABSOLUTE (COND !ICGFlag (IOPATH $2/CK $2/Q_gCK[0] ($321:$322:$322) ($323:$324:$324))))) 
(DELAY (ABSOLUTE (COND !ICGFlag (IOPATH $2/CK $2/Q_glitch[1] ($325:$326:$326) ($327:$328:$328)))))
(DELAY (ABSOLUTE (COND !ICGFlag (IOPATH $2/CK $2/Q_gCK[1] ($325:$326:$326) ($327:$328:$328))))) 
(DELAY (ABSOLUTE (COND !ICGFlag (IOPATH $2/CK $2/Q_glitch[2] ($329:$330:$330) ($331:$332:$332)))))
(DELAY (ABSOLUTE (COND !ICGFlag (IOPATH $2/CK $2/Q_gCK[2] ($329:$330:$330) ($331:$332:$332))))) 
(DELAY (ABSOLUTE (COND !ICGFlag (IOPATH $2/CK $2/Q_glitch[3] ($333:$334:$334) ($335:$336:$336)))))
(DELAY (ABSOLUTE (COND !ICGFlag (IOPATH $2/CK $2/Q_gCK[3] ($333:$334:$334) ($335:$336:$336))))) 
(DELAY (ABSOLUTE (COND !ICGFlag (IOPATH $2/CK $2/Q_glitch[4] ($337:$338:$338) ($339:$340:$340)))))
(DELAY (ABSOLUTE (COND !ICGFlag (IOPATH $2/CK $2/Q_gCK[4] ($337:$338:$338) ($339:$340:$340))))) 
(DELAY (ABSOLUTE (COND !ICGFlag (IOPATH $2/CK $2/Q_glitch[5] ($341:$342:$342) ($343:$344:$344)))))
(DELAY (ABSOLUTE (COND !ICGFlag (IOPATH $2/CK $2/Q_gCK[5] ($341:$342:$342) ($343:$344:$344))))) 
(DELAY (ABSOLUTE (COND !ICGFlag (IOPATH $2/CK $2/Q_glitch[6] ($345:$346:$346) ($347:$348:$348)))))
(DELAY (ABSOLUTE (COND !ICGFlag (IOPATH $2/CK $2/Q_gCK[6] ($345:$346:$346) ($347:$348:$348))))) 
(DELAY (ABSOLUTE (COND !ICGFlag (IOPATH $2/CK $2/Q_glitch[7] ($349:$350:$350) ($351:$352:$352)))))
(DELAY (ABSOLUTE (COND !ICGFlag (IOPATH $2/CK $2/Q_gCK[7] ($349:$350:$350) ($351:$352:$352))))) 


(DELAY (ABSOLUTE (COND (!ICRYFlag && InitialRYFlag) (IOPATH $2/CK $2/RY_rfCK ($353:$354:$354)))))

(DELAY (ABSOLUTE (COND (!ICRYFlag && InitialRYFlag) (IOPATH $2/CK $2/RY_rrCK ($355:$356:$356))))) 
(DELAY (ABSOLUTE (COND (!ICRYFlag && InitialRYFlag) (IOPATH $2/CK $2/RY_frCK ($357:$358:$358)))))




"

$1 pin(\"ST_SPHDL_1024x8m8_L_main\")
$2 pin(ST_SPHDL_1024x8m8_L_maininst)



$3 max(max(min_rise_delay_bus(taa_7,CK,Q[7]),(max(min_rise_delay_bus(taa_0,CK,Q[0]),
(max(min_rise_delay_bus(taa_1,CK,Q[1]),
(max(min_rise_delay_bus(taa_2,CK,Q[2]),
(max(min_rise_delay_bus(taa_3,CK,Q[3]),
(max(min_rise_delay_bus(taa_4,CK,Q[4]),
(max(min_rise_delay_bus(taa_5,CK,Q[5]),
(max(min_rise_delay_bus(taa_6,CK,Q[6]), 
(max(min_fall_delay_bus(taa_0,CK,Q[0]),
(max(min_fall_delay_bus(taa_1,CK,Q[1]),
(max(min_fall_delay_bus(taa_2,CK,Q[2]),
(max(min_fall_delay_bus(taa_3,CK,Q[3]),
(max(min_fall_delay_bus(taa_4,CK,Q[4]),
(max(min_fall_delay_bus(taa_5,CK,Q[5]),
(max(min_fall_delay_bus(taa_6,CK,Q[6]),
(max(min_fall_delay_bus(taa_7,CK,Q[7]), 
min_fall_delay_bus(taa_7,CK,Q[7]) ))))))))))))))))))))))))))))))),max(min_rise_delay(taa_ry,CK,RY),min_rise_delay(tcycle)))

$4 max(max(max_rise_delay_bus(taa_7,CK,Q[7]),(max(max_rise_delay_bus(taa_0,CK,Q[0]),
(max(max_rise_delay_bus(taa_1,CK,Q[1]),
(max(max_rise_delay_bus(taa_2,CK,Q[2]),
(max(max_rise_delay_bus(taa_3,CK,Q[3]),
(max(max_rise_delay_bus(taa_4,CK,Q[4]),
(max(max_rise_delay_bus(taa_5,CK,Q[5]),
(max(max_rise_delay_bus(taa_6,CK,Q[6]), 
(max(max_fall_delay_bus(taa_0,CK,Q[0]),
(max(max_fall_delay_bus(taa_1,CK,Q[1]),
(max(max_fall_delay_bus(taa_2,CK,Q[2]),
(max(max_fall_delay_bus(taa_3,CK,Q[3]),
(max(max_fall_delay_bus(taa_4,CK,Q[4]),
(max(max_fall_delay_bus(taa_5,CK,Q[5]),
(max(max_fall_delay_bus(taa_6,CK,Q[6]),
(max(max_fall_delay_bus(taa_7,CK,Q[7]), 
max_fall_delay_bus(taa_7,CK,Q[7]) ))))))))))))))))))))))))))))))),max(max_rise_delay(taa_ry,CK,RY),max_rise_delay(tcycle)))

$5 min_rise_delay(tckh)
$6 max_rise_delay(tckh)

$7 max(min_rise_delay(tck_ry,CK,RY),min_fall_delay(tckl))
$8 max(max_rise_delay(tck_ry,CK,RY),max_fall_delay(tckl))   
$9 min_rise_delay(tps)
$10 max_rise_delay(tps)
$11 min_fall_delay(tps)
$12 max_fall_delay(tps)
$13 min_rise_delay(tph)
$14 max_rise_delay(tph)
$15 min_fall_delay(tph)
$16 max_fall_delay(tph)

   
$17 min_rise_delay(tws)
$18 max_rise_delay(tws)
$19 min_fall_delay(tws)
$20 max_fall_delay(tws)
$21 min_rise_delay(twh)
$22 max_rise_delay(twh)
$23 min_fall_delay(twh)
$24 max_fall_delay(twh)

$25 min_rise_delay(tas_0,CK,A[0])
$26 max_rise_delay(tas_0,CK,A[0])
$27 min_rise_delay(tas_1,CK,A[1])
$28 max_rise_delay(tas_1,CK,A[1])
$29 min_rise_delay(tas_2,CK,A[2])
$30 max_rise_delay(tas_2,CK,A[2])
$31 min_rise_delay(tas_3,CK,A[3])
$32 max_rise_delay(tas_3,CK,A[3])
$33 min_rise_delay(tas_4,CK,A[4])
$34 max_rise_delay(tas_4,CK,A[4])
$35 min_rise_delay(tas_5,CK,A[5])
$36 max_rise_delay(tas_5,CK,A[5])
$37 min_rise_delay(tas_6,CK,A[6])
$38 max_rise_delay(tas_6,CK,A[6])
$39 min_rise_delay(tas_7,CK,A[7])
$40 max_rise_delay(tas_7,CK,A[7])
$41 min_rise_delay(tas_8,CK,A[8])
$42 max_rise_delay(tas_8,CK,A[8])
$43 min_rise_delay(tas_9,CK,A[9])
$44 max_rise_delay(tas_9,CK,A[9])
$45 min_fall_delay(tas_0,CK,A[0])
$46 max_fall_delay(tas_0,CK,A[0])
$47 min_fall_delay(tas_1,CK,A[1])
$48 max_fall_delay(tas_1,CK,A[1])
$49 min_fall_delay(tas_2,CK,A[2])
$50 max_fall_delay(tas_2,CK,A[2])
$51 min_fall_delay(tas_3,CK,A[3])
$52 max_fall_delay(tas_3,CK,A[3])
$53 min_fall_delay(tas_4,CK,A[4])
$54 max_fall_delay(tas_4,CK,A[4])
$55 min_fall_delay(tas_5,CK,A[5])
$56 max_fall_delay(tas_5,CK,A[5])
$57 min_fall_delay(tas_6,CK,A[6])
$58 max_fall_delay(tas_6,CK,A[6])
$59 min_fall_delay(tas_7,CK,A[7])
$60 max_fall_delay(tas_7,CK,A[7])
$61 min_fall_delay(tas_8,CK,A[8])
$62 max_fall_delay(tas_8,CK,A[8])
$63 min_fall_delay(tas_9,CK,A[9])
$64 max_fall_delay(tas_9,CK,A[9])
$65 min_rise_delay_bus(tah_0,CK,A[0])
$66 max_rise_delay_bus(tah_0,CK,A[0])
$67 min_rise_delay_bus(tah_1,CK,A[1])
$68 max_rise_delay_bus(tah_1,CK,A[1])
$69 min_rise_delay_bus(tah_2,CK,A[2])
$70 max_rise_delay_bus(tah_2,CK,A[2])
$71 min_rise_delay_bus(tah_3,CK,A[3])
$72 max_rise_delay_bus(tah_3,CK,A[3])
$73 min_rise_delay_bus(tah_4,CK,A[4])
$74 max_rise_delay_bus(tah_4,CK,A[4])
$75 min_rise_delay_bus(tah_5,CK,A[5])
$76 max_rise_delay_bus(tah_5,CK,A[5])
$77 min_rise_delay_bus(tah_6,CK,A[6])
$78 max_rise_delay_bus(tah_6,CK,A[6])
$79 min_rise_delay_bus(tah_7,CK,A[7])
$80 max_rise_delay_bus(tah_7,CK,A[7])
$81 min_rise_delay_bus(tah_8,CK,A[8])
$82 max_rise_delay_bus(tah_8,CK,A[8])
$83 min_rise_delay_bus(tah_9,CK,A[9])
$84 max_rise_delay_bus(tah_9,CK,A[9])
$85 min_fall_delay_bus(tah_0,CK,A[0])
$86 max_fall_delay_bus(tah_0,CK,A[0])
$87 min_fall_delay_bus(tah_1,CK,A[1])
$88 max_fall_delay_bus(tah_1,CK,A[1])
$89 min_fall_delay_bus(tah_2,CK,A[2])
$90 max_fall_delay_bus(tah_2,CK,A[2])
$91 min_fall_delay_bus(tah_3,CK,A[3])
$92 max_fall_delay_bus(tah_3,CK,A[3])
$93 min_fall_delay_bus(tah_4,CK,A[4])
$94 max_fall_delay_bus(tah_4,CK,A[4])
$95 min_fall_delay_bus(tah_5,CK,A[5])
$96 max_fall_delay_bus(tah_5,CK,A[5])
$97 min_fall_delay_bus(tah_6,CK,A[6])
$98 max_fall_delay_bus(tah_6,CK,A[6])
$99 min_fall_delay_bus(tah_7,CK,A[7])
$100 max_fall_delay_bus(tah_7,CK,A[7])
$101 min_fall_delay_bus(tah_8,CK,A[8])
$102 max_fall_delay_bus(tah_8,CK,A[8])
$103 min_fall_delay_bus(tah_9,CK,A[9])
$104 max_fall_delay_bus(tah_9,CK,A[9])
$105 min_rise_delay_bus(tds,CK,D[0])
$106 max_rise_delay_bus(tds,CK,D[0])
$107 min_rise_delay_bus(tds,CK,D[1])
$108 max_rise_delay_bus(tds,CK,D[1])
$109 min_rise_delay_bus(tds,CK,D[2])
$110 max_rise_delay_bus(tds,CK,D[2])
$111 min_rise_delay_bus(tds,CK,D[3])
$112 max_rise_delay_bus(tds,CK,D[3])
$113 min_rise_delay_bus(tds,CK,D[4])
$114 max_rise_delay_bus(tds,CK,D[4])
$115 min_rise_delay_bus(tds,CK,D[5])
$116 max_rise_delay_bus(tds,CK,D[5])
$117 min_rise_delay_bus(tds,CK,D[6])
$118 max_rise_delay_bus(tds,CK,D[6])
$119 min_rise_delay_bus(tds,CK,D[7])
$120 max_rise_delay_bus(tds,CK,D[7])
$121 min_fall_delay_bus(tds,CK,D[0])
$122 max_fall_delay_bus(tds,CK,D[0])
$123 min_fall_delay_bus(tds,CK,D[1])
$124 max_fall_delay_bus(tds,CK,D[1])
$125 min_fall_delay_bus(tds,CK,D[2])
$126 max_fall_delay_bus(tds,CK,D[2])
$127 min_fall_delay_bus(tds,CK,D[3])
$128 max_fall_delay_bus(tds,CK,D[3])
$129 min_fall_delay_bus(tds,CK,D[4])
$130 max_fall_delay_bus(tds,CK,D[4])
$131 min_fall_delay_bus(tds,CK,D[5])
$132 max_fall_delay_bus(tds,CK,D[5])
$133 min_fall_delay_bus(tds,CK,D[6])
$134 max_fall_delay_bus(tds,CK,D[6])
$135 min_fall_delay_bus(tds,CK,D[7])
$136 max_fall_delay_bus(tds,CK,D[7])
$137 min_rise_delay_bus(tdh,CK,D[0])
$138 max_rise_delay_bus(tdh,CK,D[0])
$139 min_rise_delay_bus(tdh,CK,D[1])
$140 max_rise_delay_bus(tdh,CK,D[1])
$141 min_rise_delay_bus(tdh,CK,D[2])
$142 max_rise_delay_bus(tdh,CK,D[2])
$143 min_rise_delay_bus(tdh,CK,D[3])
$144 max_rise_delay_bus(tdh,CK,D[3])
$145 min_rise_delay_bus(tdh,CK,D[4])
$146 max_rise_delay_bus(tdh,CK,D[4])
$147 min_rise_delay_bus(tdh,CK,D[5])
$148 max_rise_delay_bus(tdh,CK,D[5])
$149 min_rise_delay_bus(tdh,CK,D[6])
$150 max_rise_delay_bus(tdh,CK,D[6])
$151 min_rise_delay_bus(tdh,CK,D[7])
$152 max_rise_delay_bus(tdh,CK,D[7])
$153 min_fall_delay_bus(tdh,CK,D[0])
$154 max_fall_delay_bus(tdh,CK,D[0])
$155 min_fall_delay_bus(tdh,CK,D[1])
$156 max_fall_delay_bus(tdh,CK,D[1])
$157 min_fall_delay_bus(tdh,CK,D[2])
$158 max_fall_delay_bus(tdh,CK,D[2])
$159 min_fall_delay_bus(tdh,CK,D[3])
$160 max_fall_delay_bus(tdh,CK,D[3])
$161 min_fall_delay_bus(tdh,CK,D[4])
$162 max_fall_delay_bus(tdh,CK,D[4])
$163 min_fall_delay_bus(tdh,CK,D[5])
$164 max_fall_delay_bus(tdh,CK,D[5])
$165 min_fall_delay_bus(tdh,CK,D[6])
$166 max_fall_delay_bus(tdh,CK,D[6])
$167 min_fall_delay_bus(tdh,CK,D[7])
$168 max_fall_delay_bus(tdh,CK,D[7])

$169 min_rise_delay(ttms)
$170 max_rise_delay(ttms)
$171 min_fall_delay(ttms)
$172 max_fall_delay(ttms)


$173 min_rise_delay(ttmh)
$174 max_rise_delay(ttmh)
$175 min_fall_delay(ttmh)
$176 max_fall_delay(ttmh)


$177 max(min_rise_delay_bus(ttmq_r,TBYPASS,Q[0]),min_fall_delay_bus(ttmq_f,TBYPASS,Q[0]))
$178 max(max_rise_delay_bus(ttmq_r,TBYPASS,Q[0]),max_fall_delay_bus(ttmq_f,TBYPASS,Q[0]))

$179 max(min_rise_delay_bus(ttmq_r,TBYPASS,Q[1]),min_fall_delay_bus(ttmq_f,TBYPASS,Q[1]))
$180 max(max_rise_delay_bus(ttmq_r,TBYPASS,Q[1]),max_fall_delay_bus(ttmq_f,TBYPASS,Q[1]))

$181 max(min_rise_delay_bus(ttmq_r,TBYPASS,Q[2]),min_fall_delay_bus(ttmq_f,TBYPASS,Q[2]))
$182 max(max_rise_delay_bus(ttmq_r,TBYPASS,Q[2]),max_fall_delay_bus(ttmq_f,TBYPASS,Q[2]))

$183 max(min_rise_delay_bus(ttmq_r,TBYPASS,Q[3]),min_fall_delay_bus(ttmq_f,TBYPASS,Q[3]))
$184 max(max_rise_delay_bus(ttmq_r,TBYPASS,Q[3]),max_fall_delay_bus(ttmq_f,TBYPASS,Q[3]))

$185 max(min_rise_delay_bus(ttmq_r,TBYPASS,Q[4]),min_fall_delay_bus(ttmq_f,TBYPASS,Q[4]))
$186 max(max_rise_delay_bus(ttmq_r,TBYPASS,Q[4]),max_fall_delay_bus(ttmq_f,TBYPASS,Q[4]))

$187 max(min_rise_delay_bus(ttmq_r,TBYPASS,Q[5]),min_fall_delay_bus(ttmq_f,TBYPASS,Q[5]))
$188 max(max_rise_delay_bus(ttmq_r,TBYPASS,Q[5]),max_fall_delay_bus(ttmq_f,TBYPASS,Q[5]))

$189 max(min_rise_delay_bus(ttmq_r,TBYPASS,Q[6]),min_fall_delay_bus(ttmq_f,TBYPASS,Q[6]))
$190 max(max_rise_delay_bus(ttmq_r,TBYPASS,Q[6]),max_fall_delay_bus(ttmq_f,TBYPASS,Q[6]))

$191 max(min_rise_delay_bus(ttmq_r,TBYPASS,Q[7]),min_fall_delay_bus(ttmq_f,TBYPASS,Q[7]))
$192 max(max_rise_delay_bus(ttmq_r,TBYPASS,Q[7]),max_fall_delay_bus(ttmq_f,TBYPASS,Q[7]))


$193 min_rise_delay_bus(tdq,D[0],Q[0])
$194 max_rise_delay_bus(tdq,D[0],Q[0])
$195 min_fall_delay_bus(tdq,D[0],Q[0])
$196 max_fall_delay_bus(tdq,D[0],Q[0])

$197 min_rise_delay_bus(tdq,D[1],Q[1])
$198 max_rise_delay_bus(tdq,D[1],Q[1])
$199 min_fall_delay_bus(tdq,D[1],Q[1])
$200 max_fall_delay_bus(tdq,D[1],Q[1])

$201 min_rise_delay_bus(tdq,D[2],Q[2])
$202 max_rise_delay_bus(tdq,D[2],Q[2])
$203 min_fall_delay_bus(tdq,D[2],Q[2])
$204 max_fall_delay_bus(tdq,D[2],Q[2])

$205 min_rise_delay_bus(tdq,D[3],Q[3])
$206 max_rise_delay_bus(tdq,D[3],Q[3])
$207 min_fall_delay_bus(tdq,D[3],Q[3])
$208 max_fall_delay_bus(tdq,D[3],Q[3])

$209 min_rise_delay_bus(tdq,D[4],Q[4])
$210 max_rise_delay_bus(tdq,D[4],Q[4])
$211 min_fall_delay_bus(tdq,D[4],Q[4])
$212 max_fall_delay_bus(tdq,D[4],Q[4])

$213 min_rise_delay_bus(tdq,D[5],Q[5])
$214 max_rise_delay_bus(tdq,D[5],Q[5])
$215 min_fall_delay_bus(tdq,D[5],Q[5])
$216 max_fall_delay_bus(tdq,D[5],Q[5])

$217 min_rise_delay_bus(tdq,D[6],Q[6])
$218 max_rise_delay_bus(tdq,D[6],Q[6])
$219 min_fall_delay_bus(tdq,D[6],Q[6])
$220 max_fall_delay_bus(tdq,D[6],Q[6])

$221 min_rise_delay_bus(tdq,D[7],Q[7])
$222 max_rise_delay_bus(tdq,D[7],Q[7])
$223 min_fall_delay_bus(tdq,D[7],Q[7])
$224 max_fall_delay_bus(tdq,D[7],Q[7])







$225 min_rise_delay_bus(taa_0,CK,Q[0])
$226 max_rise_delay_bus(taa_0,CK,Q[0])
$227 min_fall_delay_bus(taa_0,CK,Q[0])
$228 max_fall_delay_bus(taa_0,CK,Q[0])
$229 min(min_rise_delay_bus(taa_0,CK,Q[0]),min_fall_delay_bus(taa_0,CK,Q[0]))
$230 min(max_rise_delay_bus(taa_0,CK,Q[0]),max_fall_delay_bus(taa_0,CK,Q[0]))
$231 min_rise_delay_bus(taa_0,CK,Q[0])
$232 max_rise_delay_bus(taa_0,CK,Q[0])
$233 min(min_rise_delay_bus(taa_0,CK,Q[0]),min_fall_delay_bus(taa_0,CK,Q[0]))
$234 min(max_rise_delay_bus(taa_0,CK,Q[0]),max_fall_delay_bus(taa_0,CK,Q[0]))
$235 min_fall_delay_bus(taa_0,CK,Q[0])
$236 max_fall_delay_bus(taa_0,CK,Q[0])

$237 min_rise_delay_bus(taa_1,CK,Q[1])
$238 max_rise_delay_bus(taa_1,CK,Q[1])
$239 min_fall_delay_bus(taa_1,CK,Q[1])
$240 max_fall_delay_bus(taa_1,CK,Q[1])
$241 min(min_rise_delay_bus(taa_1,CK,Q[1]),min_fall_delay_bus(taa_1,CK,Q[1]))
$242 min(max_rise_delay_bus(taa_1,CK,Q[1]),max_fall_delay_bus(taa_1,CK,Q[1]))
$243 min_rise_delay_bus(taa_1,CK,Q[1])
$244 max_rise_delay_bus(taa_1,CK,Q[1])
$245 min(min_rise_delay_bus(taa_1,CK,Q[1]),min_fall_delay_bus(taa_1,CK,Q[1]))
$246 min(max_rise_delay_bus(taa_1,CK,Q[1]),max_fall_delay_bus(taa_1,CK,Q[1]))
$247 min_fall_delay_bus(taa_1,CK,Q[1])
$248 max_fall_delay_bus(taa_1,CK,Q[1])

$249 min_rise_delay_bus(taa_2,CK,Q[2])
$250 max_rise_delay_bus(taa_2,CK,Q[2])
$251 min_fall_delay_bus(taa_2,CK,Q[2])
$252 max_fall_delay_bus(taa_2,CK,Q[2])
$253 min(min_rise_delay_bus(taa_2,CK,Q[2]),min_fall_delay_bus(taa_2,CK,Q[2]))
$254 min(max_rise_delay_bus(taa_2,CK,Q[2]),max_fall_delay_bus(taa_2,CK,Q[2]))
$255 min_rise_delay_bus(taa_2,CK,Q[2])
$256 max_rise_delay_bus(taa_2,CK,Q[2])
$257 min(min_rise_delay_bus(taa_2,CK,Q[2]),min_fall_delay_bus(taa_2,CK,Q[2]))
$258 min(max_rise_delay_bus(taa_2,CK,Q[2]),max_fall_delay_bus(taa_2,CK,Q[2]))
$259 min_fall_delay_bus(taa_2,CK,Q[2])
$260 max_fall_delay_bus(taa_2,CK,Q[2])

$261 min_rise_delay_bus(taa_3,CK,Q[3])
$262 max_rise_delay_bus(taa_3,CK,Q[3])
$263 min_fall_delay_bus(taa_3,CK,Q[3])
$264 max_fall_delay_bus(taa_3,CK,Q[3])
$265 min(min_rise_delay_bus(taa_3,CK,Q[3]),min_fall_delay_bus(taa_3,CK,Q[3]))
$266 min(max_rise_delay_bus(taa_3,CK,Q[3]),max_fall_delay_bus(taa_3,CK,Q[3]))
$267 min_rise_delay_bus(taa_3,CK,Q[3])
$268 max_rise_delay_bus(taa_3,CK,Q[3])
$269 min(min_rise_delay_bus(taa_3,CK,Q[3]),min_fall_delay_bus(taa_3,CK,Q[3]))
$270 min(max_rise_delay_bus(taa_3,CK,Q[3]),max_fall_delay_bus(taa_3,CK,Q[3]))
$271 min_fall_delay_bus(taa_3,CK,Q[3])
$272 max_fall_delay_bus(taa_3,CK,Q[3])

$273 min_rise_delay_bus(taa_4,CK,Q[4])
$274 max_rise_delay_bus(taa_4,CK,Q[4])
$275 min_fall_delay_bus(taa_4,CK,Q[4])
$276 max_fall_delay_bus(taa_4,CK,Q[4])
$277 min(min_rise_delay_bus(taa_4,CK,Q[4]),min_fall_delay_bus(taa_4,CK,Q[4]))
$278 min(max_rise_delay_bus(taa_4,CK,Q[4]),max_fall_delay_bus(taa_4,CK,Q[4]))
$279 min_rise_delay_bus(taa_4,CK,Q[4])
$280 max_rise_delay_bus(taa_4,CK,Q[4])
$281 min(min_rise_delay_bus(taa_4,CK,Q[4]),min_fall_delay_bus(taa_4,CK,Q[4]))
$282 min(max_rise_delay_bus(taa_4,CK,Q[4]),max_fall_delay_bus(taa_4,CK,Q[4]))
$283 min_fall_delay_bus(taa_4,CK,Q[4])
$284 max_fall_delay_bus(taa_4,CK,Q[4])

$285 min_rise_delay_bus(taa_5,CK,Q[5])
$286 max_rise_delay_bus(taa_5,CK,Q[5])
$287 min_fall_delay_bus(taa_5,CK,Q[5])
$288 max_fall_delay_bus(taa_5,CK,Q[5])
$289 min(min_rise_delay_bus(taa_5,CK,Q[5]),min_fall_delay_bus(taa_5,CK,Q[5]))
$290 min(max_rise_delay_bus(taa_5,CK,Q[5]),max_fall_delay_bus(taa_5,CK,Q[5]))
$291 min_rise_delay_bus(taa_5,CK,Q[5])
$292 max_rise_delay_bus(taa_5,CK,Q[5])
$293 min(min_rise_delay_bus(taa_5,CK,Q[5]),min_fall_delay_bus(taa_5,CK,Q[5]))
$294 min(max_rise_delay_bus(taa_5,CK,Q[5]),max_fall_delay_bus(taa_5,CK,Q[5]))
$295 min_fall_delay_bus(taa_5,CK,Q[5])
$296 max_fall_delay_bus(taa_5,CK,Q[5])

$297 min_rise_delay_bus(taa_6,CK,Q[6])
$298 max_rise_delay_bus(taa_6,CK,Q[6])
$299 min_fall_delay_bus(taa_6,CK,Q[6])
$300 max_fall_delay_bus(taa_6,CK,Q[6])
$301 min(min_rise_delay_bus(taa_6,CK,Q[6]),min_fall_delay_bus(taa_6,CK,Q[6]))
$302 min(max_rise_delay_bus(taa_6,CK,Q[6]),max_fall_delay_bus(taa_6,CK,Q[6]))
$303 min_rise_delay_bus(taa_6,CK,Q[6])
$304 max_rise_delay_bus(taa_6,CK,Q[6])
$305 min(min_rise_delay_bus(taa_6,CK,Q[6]),min_fall_delay_bus(taa_6,CK,Q[6]))
$306 min(max_rise_delay_bus(taa_6,CK,Q[6]),max_fall_delay_bus(taa_6,CK,Q[6]))
$307 min_fall_delay_bus(taa_6,CK,Q[6])
$308 max_fall_delay_bus(taa_6,CK,Q[6])

$309 min_rise_delay_bus(taa_7,CK,Q[7])
$310 max_rise_delay_bus(taa_7,CK,Q[7])
$311 min_fall_delay_bus(taa_7,CK,Q[7])
$312 max_fall_delay_bus(taa_7,CK,Q[7])
$313 min(min_rise_delay_bus(taa_7,CK,Q[7]),min_fall_delay_bus(taa_7,CK,Q[7]))
$314 min(max_rise_delay_bus(taa_7,CK,Q[7]),max_fall_delay_bus(taa_7,CK,Q[7]))
$315 min_rise_delay_bus(taa_7,CK,Q[7])
$316 max_rise_delay_bus(taa_7,CK,Q[7])
$317 min(min_rise_delay_bus(taa_7,CK,Q[7]),min_fall_delay_bus(taa_7,CK,Q[7]))
$318 min(max_rise_delay_bus(taa_7,CK,Q[7]),max_fall_delay_bus(taa_7,CK,Q[7]))
$319 min_fall_delay_bus(taa_7,CK,Q[7])
$320 max_fall_delay_bus(taa_7,CK,Q[7])


$321 min(min_rise_retain_delay(taa_0,CK,Q[0]),min_fall_retain_delay(taa_0,CK,Q[0]))
$322 min(max_rise_retain_delay(taa_0,CK,Q[0]),max_fall_retain_delay(taa_0,CK,Q[0]))
$323 min(min_fall_retain_delay(taa_0,CK,Q[0]),min_rise_retain_delay(taa_0,CK,Q[0]))
$324 min(max_fall_retain_delay(taa_0,CK,Q[0]),max_rise_retain_delay(taa_0,CK,Q[0]))
$325 min(min_rise_retain_delay(taa_1,CK,Q[1]),min_fall_retain_delay(taa_1,CK,Q[1]))
$326 min(max_rise_retain_delay(taa_1,CK,Q[1]),max_fall_retain_delay(taa_1,CK,Q[1]))
$327 min(min_fall_retain_delay(taa_1,CK,Q[1]),min_rise_retain_delay(taa_1,CK,Q[1]))
$328 min(max_fall_retain_delay(taa_1,CK,Q[1]),max_rise_retain_delay(taa_1,CK,Q[1]))
$329 min(min_rise_retain_delay(taa_2,CK,Q[2]),min_fall_retain_delay(taa_2,CK,Q[2]))
$330 min(max_rise_retain_delay(taa_2,CK,Q[2]),max_fall_retain_delay(taa_2,CK,Q[2]))
$331 min(min_fall_retain_delay(taa_2,CK,Q[2]),min_rise_retain_delay(taa_2,CK,Q[2]))
$332 min(max_fall_retain_delay(taa_2,CK,Q[2]),max_rise_retain_delay(taa_2,CK,Q[2]))
$333 min(min_rise_retain_delay(taa_3,CK,Q[3]),min_fall_retain_delay(taa_3,CK,Q[3]))
$334 min(max_rise_retain_delay(taa_3,CK,Q[3]),max_fall_retain_delay(taa_3,CK,Q[3]))
$335 min(min_fall_retain_delay(taa_3,CK,Q[3]),min_rise_retain_delay(taa_3,CK,Q[3]))
$336 min(max_fall_retain_delay(taa_3,CK,Q[3]),max_rise_retain_delay(taa_3,CK,Q[3]))
$337 min(min_rise_retain_delay(taa_4,CK,Q[4]),min_fall_retain_delay(taa_4,CK,Q[4]))
$338 min(max_rise_retain_delay(taa_4,CK,Q[4]),max_fall_retain_delay(taa_4,CK,Q[4]))
$339 min(min_fall_retain_delay(taa_4,CK,Q[4]),min_rise_retain_delay(taa_4,CK,Q[4]))
$340 min(max_fall_retain_delay(taa_4,CK,Q[4]),max_rise_retain_delay(taa_4,CK,Q[4]))
$341 min(min_rise_retain_delay(taa_5,CK,Q[5]),min_fall_retain_delay(taa_5,CK,Q[5]))
$342 min(max_rise_retain_delay(taa_5,CK,Q[5]),max_fall_retain_delay(taa_5,CK,Q[5]))
$343 min(min_fall_retain_delay(taa_5,CK,Q[5]),min_rise_retain_delay(taa_5,CK,Q[5]))
$344 min(max_fall_retain_delay(taa_5,CK,Q[5]),max_rise_retain_delay(taa_5,CK,Q[5]))
$345 min(min_rise_retain_delay(taa_6,CK,Q[6]),min_fall_retain_delay(taa_6,CK,Q[6]))
$346 min(max_rise_retain_delay(taa_6,CK,Q[6]),max_fall_retain_delay(taa_6,CK,Q[6]))
$347 min(min_fall_retain_delay(taa_6,CK,Q[6]),min_rise_retain_delay(taa_6,CK,Q[6]))
$348 min(max_fall_retain_delay(taa_6,CK,Q[6]),max_rise_retain_delay(taa_6,CK,Q[6]))
$349 min(min_rise_retain_delay(taa_7,CK,Q[7]),min_fall_retain_delay(taa_7,CK,Q[7]))
$350 min(max_rise_retain_delay(taa_7,CK,Q[7]),max_fall_retain_delay(taa_7,CK,Q[7]))
$351 min(min_fall_retain_delay(taa_7,CK,Q[7]),min_rise_retain_delay(taa_7,CK,Q[7]))
$352 min(max_fall_retain_delay(taa_7,CK,Q[7]),max_rise_retain_delay(taa_7,CK,Q[7]))



$353 min_fall_delay(taa_ry,CK,RY)
$354 max_fall_delay(taa_ry,CK,RY)
$355 min_rise_delay(taa_ry,CK,RY)
$356 max_rise_delay(taa_ry,CK,RY)

$357 min_rise_delay(tck_ry,CK,RY)
$358 max_rise_delay(tck_ry,CK,RY)




$SDF_CELL_END



$SDF_CELL ST_SPHDL_2048x8m8_L
"

(TIMINGCHECK (PERIOD (posedge CK) ($3:$4:$4))) 
(TIMINGCHECK (WIDTH (posedge CK) ($5:$6:$6)))
(TIMINGCHECK (WIDTH (negedge CK) ($7:$8:$8)))
(TIMINGCHECK (SETUP (posedge CSN) CK ($9:$10:$10)))
(TIMINGCHECK (SETUP (negedge CSN) CK ($11:$12:$12)))
(TIMINGCHECK (HOLD (posedge CSN) CK ($13:$14:$14)))
(TIMINGCHECK (HOLD (negedge CSN) CK ($15:$16:$16)))
(TIMINGCHECK (SETUP (posedge WEN) CK ($17:$18:$18)))
(TIMINGCHECK (SETUP (negedge WEN) CK ($19:$20:$20)))
(TIMINGCHECK (HOLD (posedge WEN) CK ($21:$22:$22)))
(TIMINGCHECK (HOLD (negedge WEN) CK ($23:$24:$24)))

(TIMINGCHECK (SETUP (posedge A[0]) (posedge CK) ($25:$26:$26)))
(TIMINGCHECK (SETUP (posedge A[1]) (posedge CK) ($27:$28:$28)))
(TIMINGCHECK (SETUP (posedge A[2]) (posedge CK) ($29:$30:$30)))
(TIMINGCHECK (SETUP (posedge A[3]) (posedge CK) ($31:$32:$32)))
(TIMINGCHECK (SETUP (posedge A[4]) (posedge CK) ($33:$34:$34)))
(TIMINGCHECK (SETUP (posedge A[5]) (posedge CK) ($35:$36:$36)))
(TIMINGCHECK (SETUP (posedge A[6]) (posedge CK) ($37:$38:$38)))
(TIMINGCHECK (SETUP (posedge A[7]) (posedge CK) ($39:$40:$40)))
(TIMINGCHECK (SETUP (posedge A[8]) (posedge CK) ($41:$42:$42)))
(TIMINGCHECK (SETUP (posedge A[9]) (posedge CK) ($43:$44:$44)))
(TIMINGCHECK (SETUP (posedge A[10]) (posedge CK) ($45:$46:$46)))
(TIMINGCHECK (SETUP (negedge A[0]) (posedge CK) ($47:$48:$48)))
(TIMINGCHECK (SETUP (negedge A[1]) (posedge CK) ($49:$50:$50)))
(TIMINGCHECK (SETUP (negedge A[2]) (posedge CK) ($51:$52:$52)))
(TIMINGCHECK (SETUP (negedge A[3]) (posedge CK) ($53:$54:$54)))
(TIMINGCHECK (SETUP (negedge A[4]) (posedge CK) ($55:$56:$56)))
(TIMINGCHECK (SETUP (negedge A[5]) (posedge CK) ($57:$58:$58)))
(TIMINGCHECK (SETUP (negedge A[6]) (posedge CK) ($59:$60:$60)))
(TIMINGCHECK (SETUP (negedge A[7]) (posedge CK) ($61:$62:$62)))
(TIMINGCHECK (SETUP (negedge A[8]) (posedge CK) ($63:$64:$64)))
(TIMINGCHECK (SETUP (negedge A[9]) (posedge CK) ($65:$66:$66)))
(TIMINGCHECK (SETUP (negedge A[10]) (posedge CK) ($67:$68:$68)))
(TIMINGCHECK (HOLD (posedge A[0]) (posedge CK) ($69:$70:$70)))
(TIMINGCHECK (HOLD (posedge A[1]) (posedge CK) ($71:$72:$72)))
(TIMINGCHECK (HOLD (posedge A[2]) (posedge CK) ($73:$74:$74)))
(TIMINGCHECK (HOLD (posedge A[3]) (posedge CK) ($75:$76:$76)))
(TIMINGCHECK (HOLD (posedge A[4]) (posedge CK) ($77:$78:$78)))
(TIMINGCHECK (HOLD (posedge A[5]) (posedge CK) ($79:$80:$80)))
(TIMINGCHECK (HOLD (posedge A[6]) (posedge CK) ($81:$82:$82)))
(TIMINGCHECK (HOLD (posedge A[7]) (posedge CK) ($83:$84:$84)))
(TIMINGCHECK (HOLD (posedge A[8]) (posedge CK) ($85:$86:$86)))
(TIMINGCHECK (HOLD (posedge A[9]) (posedge CK) ($87:$88:$88)))
(TIMINGCHECK (HOLD (posedge A[10]) (posedge CK) ($89:$90:$90)))
(TIMINGCHECK (HOLD (negedge A[0]) (posedge CK) ($91:$92:$92)))
(TIMINGCHECK (HOLD (negedge A[1]) (posedge CK) ($93:$94:$94)))
(TIMINGCHECK (HOLD (negedge A[2]) (posedge CK) ($95:$96:$96)))
(TIMINGCHECK (HOLD (negedge A[3]) (posedge CK) ($97:$98:$98)))
(TIMINGCHECK (HOLD (negedge A[4]) (posedge CK) ($99:$100:$100)))
(TIMINGCHECK (HOLD (negedge A[5]) (posedge CK) ($101:$102:$102)))
(TIMINGCHECK (HOLD (negedge A[6]) (posedge CK) ($103:$104:$104)))
(TIMINGCHECK (HOLD (negedge A[7]) (posedge CK) ($105:$106:$106)))
(TIMINGCHECK (HOLD (negedge A[8]) (posedge CK) ($107:$108:$108)))
(TIMINGCHECK (HOLD (negedge A[9]) (posedge CK) ($109:$110:$110)))
(TIMINGCHECK (HOLD (negedge A[10]) (posedge CK) ($111:$112:$112)))

(TIMINGCHECK (SETUP (posedge D[0]) (posedge CK) ($113:$114:$114)))
(TIMINGCHECK (SETUP (posedge D[1]) (posedge CK) ($115:$116:$116)))
(TIMINGCHECK (SETUP (posedge D[2]) (posedge CK) ($117:$118:$118)))
(TIMINGCHECK (SETUP (posedge D[3]) (posedge CK) ($119:$120:$120)))
(TIMINGCHECK (SETUP (posedge D[4]) (posedge CK) ($121:$122:$122)))
(TIMINGCHECK (SETUP (posedge D[5]) (posedge CK) ($123:$124:$124)))
(TIMINGCHECK (SETUP (posedge D[6]) (posedge CK) ($125:$126:$126)))
(TIMINGCHECK (SETUP (posedge D[7]) (posedge CK) ($127:$128:$128)))
(TIMINGCHECK (SETUP (negedge D[0]) (posedge CK) ($129:$130:$130)))
(TIMINGCHECK (SETUP (negedge D[1]) (posedge CK) ($131:$132:$132)))
(TIMINGCHECK (SETUP (negedge D[2]) (posedge CK) ($133:$134:$134)))
(TIMINGCHECK (SETUP (negedge D[3]) (posedge CK) ($135:$136:$136)))
(TIMINGCHECK (SETUP (negedge D[4]) (posedge CK) ($137:$138:$138)))
(TIMINGCHECK (SETUP (negedge D[5]) (posedge CK) ($139:$140:$140)))
(TIMINGCHECK (SETUP (negedge D[6]) (posedge CK) ($141:$142:$142)))
(TIMINGCHECK (SETUP (negedge D[7]) (posedge CK) ($143:$144:$144)))
(TIMINGCHECK (HOLD (posedge D[0]) (posedge CK) ($145:$146:$146)))
(TIMINGCHECK (HOLD (posedge D[1]) (posedge CK) ($147:$148:$148)))
(TIMINGCHECK (HOLD (posedge D[2]) (posedge CK) ($149:$150:$150)))
(TIMINGCHECK (HOLD (posedge D[3]) (posedge CK) ($151:$152:$152)))
(TIMINGCHECK (HOLD (posedge D[4]) (posedge CK) ($153:$154:$154)))
(TIMINGCHECK (HOLD (posedge D[5]) (posedge CK) ($155:$156:$156)))
(TIMINGCHECK (HOLD (posedge D[6]) (posedge CK) ($157:$158:$158)))
(TIMINGCHECK (HOLD (posedge D[7]) (posedge CK) ($159:$160:$160)))
(TIMINGCHECK (HOLD (negedge D[0]) (posedge CK) ($161:$162:$162)))
(TIMINGCHECK (HOLD (negedge D[1]) (posedge CK) ($163:$164:$164)))
(TIMINGCHECK (HOLD (negedge D[2]) (posedge CK) ($165:$166:$166)))
(TIMINGCHECK (HOLD (negedge D[3]) (posedge CK) ($167:$168:$168)))
(TIMINGCHECK (HOLD (negedge D[4]) (posedge CK) ($169:$170:$170)))
(TIMINGCHECK (HOLD (negedge D[5]) (posedge CK) ($171:$172:$172)))
(TIMINGCHECK (HOLD (negedge D[6]) (posedge CK) ($173:$174:$174)))
(TIMINGCHECK (HOLD (negedge D[7]) (posedge CK) ($175:$176:$176)))

(TIMINGCHECK (SETUP (posedge TBYPASS) (posedge CK) ($177:$178:$178)))
(TIMINGCHECK (SETUP (negedge TBYPASS) (posedge CK) ($179:$180:$180)))

(TIMINGCHECK (HOLD (posedge TBYPASS) (posedge CK) ($181:$182:$182)))
(TIMINGCHECK (HOLD (negedge TBYPASS) (posedge CK) ($183:$184:$184))) 

(DELAY (ABSOLUTE (COND (TBYPASS) (IOPATH $2/TBYPASS $2/delTBYPASS[0] ($185:$186:$186)))))
(DELAY (ABSOLUTE (COND (TBYPASS) (IOPATH $2/TBYPASS $2/delTBYPASS[1] ($187:$188:$188)))))
(DELAY (ABSOLUTE (COND (TBYPASS) (IOPATH $2/TBYPASS $2/delTBYPASS[2] ($189:$190:$190)))))
(DELAY (ABSOLUTE (COND (TBYPASS) (IOPATH $2/TBYPASS $2/delTBYPASS[3] ($191:$192:$192)))))
(DELAY (ABSOLUTE (COND (TBYPASS) (IOPATH $2/TBYPASS $2/delTBYPASS[4] ($193:$194:$194)))))
(DELAY (ABSOLUTE (COND (TBYPASS) (IOPATH $2/TBYPASS $2/delTBYPASS[5] ($195:$196:$196)))))
(DELAY (ABSOLUTE (COND (TBYPASS) (IOPATH $2/TBYPASS $2/delTBYPASS[6] ($197:$198:$198)))))
(DELAY (ABSOLUTE (COND (TBYPASS) (IOPATH $2/TBYPASS $2/delTBYPASS[7] ($199:$200:$200)))))
(DELAY (ABSOLUTE (IOPATH $2/D[0] $2/TBYPASS_D_Q[0] ($201:$202:$202) ($203:$204:$204))))
(DELAY (ABSOLUTE (IOPATH $2/D[1] $2/TBYPASS_D_Q[1] ($205:$206:$206) ($207:$208:$208))))
(DELAY (ABSOLUTE (IOPATH $2/D[2] $2/TBYPASS_D_Q[2] ($209:$210:$210) ($211:$212:$212))))
(DELAY (ABSOLUTE (IOPATH $2/D[3] $2/TBYPASS_D_Q[3] ($213:$214:$214) ($215:$216:$216))))
(DELAY (ABSOLUTE (IOPATH $2/D[4] $2/TBYPASS_D_Q[4] ($217:$218:$218) ($219:$220:$220))))
(DELAY (ABSOLUTE (IOPATH $2/D[5] $2/TBYPASS_D_Q[5] ($221:$222:$222) ($223:$224:$224))))
(DELAY (ABSOLUTE (IOPATH $2/D[6] $2/TBYPASS_D_Q[6] ($225:$226:$226) ($227:$228:$228))))
(DELAY (ABSOLUTE (IOPATH $2/D[7] $2/TBYPASS_D_Q[7] ($229:$230:$230) ($231:$232:$232))))



      



   

(DELAY (ABSOLUTE (COND (WENreg) && !ICGFlag (IOPATH $2/CK $2/Q_data[0] ($233:$234:$234) ($235:$236:$236) ($237:$238:$238)  ($239:$240:$240) ($241:$242:$242) ($243:$244:$244))))) 
(DELAY (ABSOLUTE (COND (WENreg) && !ICGFlag (IOPATH $2/CK $2/Q_data[1] ($245:$246:$246) ($247:$248:$248) ($249:$250:$250)  ($251:$252:$252) ($253:$254:$254) ($255:$256:$256))))) 
(DELAY (ABSOLUTE (COND (WENreg) && !ICGFlag (IOPATH $2/CK $2/Q_data[2] ($257:$258:$258) ($259:$260:$260) ($261:$262:$262)  ($263:$264:$264) ($265:$266:$266) ($267:$268:$268))))) 
(DELAY (ABSOLUTE (COND (WENreg) && !ICGFlag (IOPATH $2/CK $2/Q_data[3] ($269:$270:$270) ($271:$272:$272) ($273:$274:$274)  ($275:$276:$276) ($277:$278:$278) ($279:$280:$280))))) 
(DELAY (ABSOLUTE (COND (WENreg) && !ICGFlag (IOPATH $2/CK $2/Q_data[4] ($281:$282:$282) ($283:$284:$284) ($285:$286:$286)  ($287:$288:$288) ($289:$290:$290) ($291:$292:$292))))) 
(DELAY (ABSOLUTE (COND (WENreg) && !ICGFlag (IOPATH $2/CK $2/Q_data[5] ($293:$294:$294) ($295:$296:$296) ($297:$298:$298)  ($299:$300:$300) ($301:$302:$302) ($303:$304:$304))))) 
(DELAY (ABSOLUTE (COND (WENreg) && !ICGFlag (IOPATH $2/CK $2/Q_data[6] ($305:$306:$306) ($307:$308:$308) ($309:$310:$310)  ($311:$312:$312) ($313:$314:$314) ($315:$316:$316))))) 
(DELAY (ABSOLUTE (COND (WENreg) && !ICGFlag (IOPATH $2/CK $2/Q_data[7] ($317:$318:$318) ($319:$320:$320) ($321:$322:$322)  ($323:$324:$324) ($325:$326:$326) ($327:$328:$328)))))       

(DELAY (ABSOLUTE (COND !ICGFlag (IOPATH $2/CK $2/Q_glitch[0] ($329:$330:$330) ($331:$332:$332)))))
(DELAY (ABSOLUTE (COND !ICGFlag (IOPATH $2/CK $2/Q_gCK[0] ($329:$330:$330) ($331:$332:$332))))) 
(DELAY (ABSOLUTE (COND !ICGFlag (IOPATH $2/CK $2/Q_glitch[1] ($333:$334:$334) ($335:$336:$336)))))
(DELAY (ABSOLUTE (COND !ICGFlag (IOPATH $2/CK $2/Q_gCK[1] ($333:$334:$334) ($335:$336:$336))))) 
(DELAY (ABSOLUTE (COND !ICGFlag (IOPATH $2/CK $2/Q_glitch[2] ($337:$338:$338) ($339:$340:$340)))))
(DELAY (ABSOLUTE (COND !ICGFlag (IOPATH $2/CK $2/Q_gCK[2] ($337:$338:$338) ($339:$340:$340))))) 
(DELAY (ABSOLUTE (COND !ICGFlag (IOPATH $2/CK $2/Q_glitch[3] ($341:$342:$342) ($343:$344:$344)))))
(DELAY (ABSOLUTE (COND !ICGFlag (IOPATH $2/CK $2/Q_gCK[3] ($341:$342:$342) ($343:$344:$344))))) 
(DELAY (ABSOLUTE (COND !ICGFlag (IOPATH $2/CK $2/Q_glitch[4] ($345:$346:$346) ($347:$348:$348)))))
(DELAY (ABSOLUTE (COND !ICGFlag (IOPATH $2/CK $2/Q_gCK[4] ($345:$346:$346) ($347:$348:$348))))) 
(DELAY (ABSOLUTE (COND !ICGFlag (IOPATH $2/CK $2/Q_glitch[5] ($349:$350:$350) ($351:$352:$352)))))
(DELAY (ABSOLUTE (COND !ICGFlag (IOPATH $2/CK $2/Q_gCK[5] ($349:$350:$350) ($351:$352:$352))))) 
(DELAY (ABSOLUTE (COND !ICGFlag (IOPATH $2/CK $2/Q_glitch[6] ($353:$354:$354) ($355:$356:$356)))))
(DELAY (ABSOLUTE (COND !ICGFlag (IOPATH $2/CK $2/Q_gCK[6] ($353:$354:$354) ($355:$356:$356))))) 
(DELAY (ABSOLUTE (COND !ICGFlag (IOPATH $2/CK $2/Q_glitch[7] ($357:$358:$358) ($359:$360:$360)))))
(DELAY (ABSOLUTE (COND !ICGFlag (IOPATH $2/CK $2/Q_gCK[7] ($357:$358:$358) ($359:$360:$360))))) 


(DELAY (ABSOLUTE (COND (!ICRYFlag && InitialRYFlag) (IOPATH $2/CK $2/RY_rfCK ($361:$362:$362)))))

(DELAY (ABSOLUTE (COND (!ICRYFlag && InitialRYFlag) (IOPATH $2/CK $2/RY_rrCK ($363:$364:$364))))) 
(DELAY (ABSOLUTE (COND (!ICRYFlag && InitialRYFlag) (IOPATH $2/CK $2/RY_frCK ($365:$366:$366)))))




"

$1 pin(\"ST_SPHDL_2048x8m8_L_main\")
$2 pin(ST_SPHDL_2048x8m8_L_maininst)



$3 max(max(min_rise_delay_bus(taa_7,CK,Q[7]),(max(min_rise_delay_bus(taa_0,CK,Q[0]),
(max(min_rise_delay_bus(taa_1,CK,Q[1]),
(max(min_rise_delay_bus(taa_2,CK,Q[2]),
(max(min_rise_delay_bus(taa_3,CK,Q[3]),
(max(min_rise_delay_bus(taa_4,CK,Q[4]),
(max(min_rise_delay_bus(taa_5,CK,Q[5]),
(max(min_rise_delay_bus(taa_6,CK,Q[6]), 
(max(min_fall_delay_bus(taa_0,CK,Q[0]),
(max(min_fall_delay_bus(taa_1,CK,Q[1]),
(max(min_fall_delay_bus(taa_2,CK,Q[2]),
(max(min_fall_delay_bus(taa_3,CK,Q[3]),
(max(min_fall_delay_bus(taa_4,CK,Q[4]),
(max(min_fall_delay_bus(taa_5,CK,Q[5]),
(max(min_fall_delay_bus(taa_6,CK,Q[6]),
(max(min_fall_delay_bus(taa_7,CK,Q[7]), 
min_fall_delay_bus(taa_7,CK,Q[7]) ))))))))))))))))))))))))))))))),max(min_rise_delay(taa_ry,CK,RY),min_rise_delay(tcycle)))

$4 max(max(max_rise_delay_bus(taa_7,CK,Q[7]),(max(max_rise_delay_bus(taa_0,CK,Q[0]),
(max(max_rise_delay_bus(taa_1,CK,Q[1]),
(max(max_rise_delay_bus(taa_2,CK,Q[2]),
(max(max_rise_delay_bus(taa_3,CK,Q[3]),
(max(max_rise_delay_bus(taa_4,CK,Q[4]),
(max(max_rise_delay_bus(taa_5,CK,Q[5]),
(max(max_rise_delay_bus(taa_6,CK,Q[6]), 
(max(max_fall_delay_bus(taa_0,CK,Q[0]),
(max(max_fall_delay_bus(taa_1,CK,Q[1]),
(max(max_fall_delay_bus(taa_2,CK,Q[2]),
(max(max_fall_delay_bus(taa_3,CK,Q[3]),
(max(max_fall_delay_bus(taa_4,CK,Q[4]),
(max(max_fall_delay_bus(taa_5,CK,Q[5]),
(max(max_fall_delay_bus(taa_6,CK,Q[6]),
(max(max_fall_delay_bus(taa_7,CK,Q[7]), 
max_fall_delay_bus(taa_7,CK,Q[7]) ))))))))))))))))))))))))))))))),max(max_rise_delay(taa_ry,CK,RY),max_rise_delay(tcycle)))

$5 min_rise_delay(tckh)
$6 max_rise_delay(tckh)

$7 max(min_rise_delay(tck_ry,CK,RY),min_fall_delay(tckl))
$8 max(max_rise_delay(tck_ry,CK,RY),max_fall_delay(tckl))   
$9 min_rise_delay(tps)
$10 max_rise_delay(tps)
$11 min_fall_delay(tps)
$12 max_fall_delay(tps)
$13 min_rise_delay(tph)
$14 max_rise_delay(tph)
$15 min_fall_delay(tph)
$16 max_fall_delay(tph)

   
$17 min_rise_delay(tws)
$18 max_rise_delay(tws)
$19 min_fall_delay(tws)
$20 max_fall_delay(tws)
$21 min_rise_delay(twh)
$22 max_rise_delay(twh)
$23 min_fall_delay(twh)
$24 max_fall_delay(twh)

$25 min_rise_delay(tas_0,CK,A[0])
$26 max_rise_delay(tas_0,CK,A[0])
$27 min_rise_delay(tas_1,CK,A[1])
$28 max_rise_delay(tas_1,CK,A[1])
$29 min_rise_delay(tas_2,CK,A[2])
$30 max_rise_delay(tas_2,CK,A[2])
$31 min_rise_delay(tas_3,CK,A[3])
$32 max_rise_delay(tas_3,CK,A[3])
$33 min_rise_delay(tas_4,CK,A[4])
$34 max_rise_delay(tas_4,CK,A[4])
$35 min_rise_delay(tas_5,CK,A[5])
$36 max_rise_delay(tas_5,CK,A[5])
$37 min_rise_delay(tas_6,CK,A[6])
$38 max_rise_delay(tas_6,CK,A[6])
$39 min_rise_delay(tas_7,CK,A[7])
$40 max_rise_delay(tas_7,CK,A[7])
$41 min_rise_delay(tas_8,CK,A[8])
$42 max_rise_delay(tas_8,CK,A[8])
$43 min_rise_delay(tas_9,CK,A[9])
$44 max_rise_delay(tas_9,CK,A[9])
$45 min_rise_delay(tas_10,CK,A[10])
$46 max_rise_delay(tas_10,CK,A[10])
$47 min_fall_delay(tas_0,CK,A[0])
$48 max_fall_delay(tas_0,CK,A[0])
$49 min_fall_delay(tas_1,CK,A[1])
$50 max_fall_delay(tas_1,CK,A[1])
$51 min_fall_delay(tas_2,CK,A[2])
$52 max_fall_delay(tas_2,CK,A[2])
$53 min_fall_delay(tas_3,CK,A[3])
$54 max_fall_delay(tas_3,CK,A[3])
$55 min_fall_delay(tas_4,CK,A[4])
$56 max_fall_delay(tas_4,CK,A[4])
$57 min_fall_delay(tas_5,CK,A[5])
$58 max_fall_delay(tas_5,CK,A[5])
$59 min_fall_delay(tas_6,CK,A[6])
$60 max_fall_delay(tas_6,CK,A[6])
$61 min_fall_delay(tas_7,CK,A[7])
$62 max_fall_delay(tas_7,CK,A[7])
$63 min_fall_delay(tas_8,CK,A[8])
$64 max_fall_delay(tas_8,CK,A[8])
$65 min_fall_delay(tas_9,CK,A[9])
$66 max_fall_delay(tas_9,CK,A[9])
$67 min_fall_delay(tas_10,CK,A[10])
$68 max_fall_delay(tas_10,CK,A[10])
$69 min_rise_delay_bus(tah_0,CK,A[0])
$70 max_rise_delay_bus(tah_0,CK,A[0])
$71 min_rise_delay_bus(tah_1,CK,A[1])
$72 max_rise_delay_bus(tah_1,CK,A[1])
$73 min_rise_delay_bus(tah_2,CK,A[2])
$74 max_rise_delay_bus(tah_2,CK,A[2])
$75 min_rise_delay_bus(tah_3,CK,A[3])
$76 max_rise_delay_bus(tah_3,CK,A[3])
$77 min_rise_delay_bus(tah_4,CK,A[4])
$78 max_rise_delay_bus(tah_4,CK,A[4])
$79 min_rise_delay_bus(tah_5,CK,A[5])
$80 max_rise_delay_bus(tah_5,CK,A[5])
$81 min_rise_delay_bus(tah_6,CK,A[6])
$82 max_rise_delay_bus(tah_6,CK,A[6])
$83 min_rise_delay_bus(tah_7,CK,A[7])
$84 max_rise_delay_bus(tah_7,CK,A[7])
$85 min_rise_delay_bus(tah_8,CK,A[8])
$86 max_rise_delay_bus(tah_8,CK,A[8])
$87 min_rise_delay_bus(tah_9,CK,A[9])
$88 max_rise_delay_bus(tah_9,CK,A[9])
$89 min_rise_delay_bus(tah_10,CK,A[10])
$90 max_rise_delay_bus(tah_10,CK,A[10])
$91 min_fall_delay_bus(tah_0,CK,A[0])
$92 max_fall_delay_bus(tah_0,CK,A[0])
$93 min_fall_delay_bus(tah_1,CK,A[1])
$94 max_fall_delay_bus(tah_1,CK,A[1])
$95 min_fall_delay_bus(tah_2,CK,A[2])
$96 max_fall_delay_bus(tah_2,CK,A[2])
$97 min_fall_delay_bus(tah_3,CK,A[3])
$98 max_fall_delay_bus(tah_3,CK,A[3])
$99 min_fall_delay_bus(tah_4,CK,A[4])
$100 max_fall_delay_bus(tah_4,CK,A[4])
$101 min_fall_delay_bus(tah_5,CK,A[5])
$102 max_fall_delay_bus(tah_5,CK,A[5])
$103 min_fall_delay_bus(tah_6,CK,A[6])
$104 max_fall_delay_bus(tah_6,CK,A[6])
$105 min_fall_delay_bus(tah_7,CK,A[7])
$106 max_fall_delay_bus(tah_7,CK,A[7])
$107 min_fall_delay_bus(tah_8,CK,A[8])
$108 max_fall_delay_bus(tah_8,CK,A[8])
$109 min_fall_delay_bus(tah_9,CK,A[9])
$110 max_fall_delay_bus(tah_9,CK,A[9])
$111 min_fall_delay_bus(tah_10,CK,A[10])
$112 max_fall_delay_bus(tah_10,CK,A[10])
$113 min_rise_delay_bus(tds,CK,D[0])
$114 max_rise_delay_bus(tds,CK,D[0])
$115 min_rise_delay_bus(tds,CK,D[1])
$116 max_rise_delay_bus(tds,CK,D[1])
$117 min_rise_delay_bus(tds,CK,D[2])
$118 max_rise_delay_bus(tds,CK,D[2])
$119 min_rise_delay_bus(tds,CK,D[3])
$120 max_rise_delay_bus(tds,CK,D[3])
$121 min_rise_delay_bus(tds,CK,D[4])
$122 max_rise_delay_bus(tds,CK,D[4])
$123 min_rise_delay_bus(tds,CK,D[5])
$124 max_rise_delay_bus(tds,CK,D[5])
$125 min_rise_delay_bus(tds,CK,D[6])
$126 max_rise_delay_bus(tds,CK,D[6])
$127 min_rise_delay_bus(tds,CK,D[7])
$128 max_rise_delay_bus(tds,CK,D[7])
$129 min_fall_delay_bus(tds,CK,D[0])
$130 max_fall_delay_bus(tds,CK,D[0])
$131 min_fall_delay_bus(tds,CK,D[1])
$132 max_fall_delay_bus(tds,CK,D[1])
$133 min_fall_delay_bus(tds,CK,D[2])
$134 max_fall_delay_bus(tds,CK,D[2])
$135 min_fall_delay_bus(tds,CK,D[3])
$136 max_fall_delay_bus(tds,CK,D[3])
$137 min_fall_delay_bus(tds,CK,D[4])
$138 max_fall_delay_bus(tds,CK,D[4])
$139 min_fall_delay_bus(tds,CK,D[5])
$140 max_fall_delay_bus(tds,CK,D[5])
$141 min_fall_delay_bus(tds,CK,D[6])
$142 max_fall_delay_bus(tds,CK,D[6])
$143 min_fall_delay_bus(tds,CK,D[7])
$144 max_fall_delay_bus(tds,CK,D[7])
$145 min_rise_delay_bus(tdh,CK,D[0])
$146 max_rise_delay_bus(tdh,CK,D[0])
$147 min_rise_delay_bus(tdh,CK,D[1])
$148 max_rise_delay_bus(tdh,CK,D[1])
$149 min_rise_delay_bus(tdh,CK,D[2])
$150 max_rise_delay_bus(tdh,CK,D[2])
$151 min_rise_delay_bus(tdh,CK,D[3])
$152 max_rise_delay_bus(tdh,CK,D[3])
$153 min_rise_delay_bus(tdh,CK,D[4])
$154 max_rise_delay_bus(tdh,CK,D[4])
$155 min_rise_delay_bus(tdh,CK,D[5])
$156 max_rise_delay_bus(tdh,CK,D[5])
$157 min_rise_delay_bus(tdh,CK,D[6])
$158 max_rise_delay_bus(tdh,CK,D[6])
$159 min_rise_delay_bus(tdh,CK,D[7])
$160 max_rise_delay_bus(tdh,CK,D[7])
$161 min_fall_delay_bus(tdh,CK,D[0])
$162 max_fall_delay_bus(tdh,CK,D[0])
$163 min_fall_delay_bus(tdh,CK,D[1])
$164 max_fall_delay_bus(tdh,CK,D[1])
$165 min_fall_delay_bus(tdh,CK,D[2])
$166 max_fall_delay_bus(tdh,CK,D[2])
$167 min_fall_delay_bus(tdh,CK,D[3])
$168 max_fall_delay_bus(tdh,CK,D[3])
$169 min_fall_delay_bus(tdh,CK,D[4])
$170 max_fall_delay_bus(tdh,CK,D[4])
$171 min_fall_delay_bus(tdh,CK,D[5])
$172 max_fall_delay_bus(tdh,CK,D[5])
$173 min_fall_delay_bus(tdh,CK,D[6])
$174 max_fall_delay_bus(tdh,CK,D[6])
$175 min_fall_delay_bus(tdh,CK,D[7])
$176 max_fall_delay_bus(tdh,CK,D[7])

$177 min_rise_delay(ttms)
$178 max_rise_delay(ttms)
$179 min_fall_delay(ttms)
$180 max_fall_delay(ttms)


$181 min_rise_delay(ttmh)
$182 max_rise_delay(ttmh)
$183 min_fall_delay(ttmh)
$184 max_fall_delay(ttmh)


$185 max(min_rise_delay_bus(ttmq_r,TBYPASS,Q[0]),min_fall_delay_bus(ttmq_f,TBYPASS,Q[0]))
$186 max(max_rise_delay_bus(ttmq_r,TBYPASS,Q[0]),max_fall_delay_bus(ttmq_f,TBYPASS,Q[0]))

$187 max(min_rise_delay_bus(ttmq_r,TBYPASS,Q[1]),min_fall_delay_bus(ttmq_f,TBYPASS,Q[1]))
$188 max(max_rise_delay_bus(ttmq_r,TBYPASS,Q[1]),max_fall_delay_bus(ttmq_f,TBYPASS,Q[1]))

$189 max(min_rise_delay_bus(ttmq_r,TBYPASS,Q[2]),min_fall_delay_bus(ttmq_f,TBYPASS,Q[2]))
$190 max(max_rise_delay_bus(ttmq_r,TBYPASS,Q[2]),max_fall_delay_bus(ttmq_f,TBYPASS,Q[2]))

$191 max(min_rise_delay_bus(ttmq_r,TBYPASS,Q[3]),min_fall_delay_bus(ttmq_f,TBYPASS,Q[3]))
$192 max(max_rise_delay_bus(ttmq_r,TBYPASS,Q[3]),max_fall_delay_bus(ttmq_f,TBYPASS,Q[3]))

$193 max(min_rise_delay_bus(ttmq_r,TBYPASS,Q[4]),min_fall_delay_bus(ttmq_f,TBYPASS,Q[4]))
$194 max(max_rise_delay_bus(ttmq_r,TBYPASS,Q[4]),max_fall_delay_bus(ttmq_f,TBYPASS,Q[4]))

$195 max(min_rise_delay_bus(ttmq_r,TBYPASS,Q[5]),min_fall_delay_bus(ttmq_f,TBYPASS,Q[5]))
$196 max(max_rise_delay_bus(ttmq_r,TBYPASS,Q[5]),max_fall_delay_bus(ttmq_f,TBYPASS,Q[5]))

$197 max(min_rise_delay_bus(ttmq_r,TBYPASS,Q[6]),min_fall_delay_bus(ttmq_f,TBYPASS,Q[6]))
$198 max(max_rise_delay_bus(ttmq_r,TBYPASS,Q[6]),max_fall_delay_bus(ttmq_f,TBYPASS,Q[6]))

$199 max(min_rise_delay_bus(ttmq_r,TBYPASS,Q[7]),min_fall_delay_bus(ttmq_f,TBYPASS,Q[7]))
$200 max(max_rise_delay_bus(ttmq_r,TBYPASS,Q[7]),max_fall_delay_bus(ttmq_f,TBYPASS,Q[7]))


$201 min_rise_delay_bus(tdq,D[0],Q[0])
$202 max_rise_delay_bus(tdq,D[0],Q[0])
$203 min_fall_delay_bus(tdq,D[0],Q[0])
$204 max_fall_delay_bus(tdq,D[0],Q[0])

$205 min_rise_delay_bus(tdq,D[1],Q[1])
$206 max_rise_delay_bus(tdq,D[1],Q[1])
$207 min_fall_delay_bus(tdq,D[1],Q[1])
$208 max_fall_delay_bus(tdq,D[1],Q[1])

$209 min_rise_delay_bus(tdq,D[2],Q[2])
$210 max_rise_delay_bus(tdq,D[2],Q[2])
$211 min_fall_delay_bus(tdq,D[2],Q[2])
$212 max_fall_delay_bus(tdq,D[2],Q[2])

$213 min_rise_delay_bus(tdq,D[3],Q[3])
$214 max_rise_delay_bus(tdq,D[3],Q[3])
$215 min_fall_delay_bus(tdq,D[3],Q[3])
$216 max_fall_delay_bus(tdq,D[3],Q[3])

$217 min_rise_delay_bus(tdq,D[4],Q[4])
$218 max_rise_delay_bus(tdq,D[4],Q[4])
$219 min_fall_delay_bus(tdq,D[4],Q[4])
$220 max_fall_delay_bus(tdq,D[4],Q[4])

$221 min_rise_delay_bus(tdq,D[5],Q[5])
$222 max_rise_delay_bus(tdq,D[5],Q[5])
$223 min_fall_delay_bus(tdq,D[5],Q[5])
$224 max_fall_delay_bus(tdq,D[5],Q[5])

$225 min_rise_delay_bus(tdq,D[6],Q[6])
$226 max_rise_delay_bus(tdq,D[6],Q[6])
$227 min_fall_delay_bus(tdq,D[6],Q[6])
$228 max_fall_delay_bus(tdq,D[6],Q[6])

$229 min_rise_delay_bus(tdq,D[7],Q[7])
$230 max_rise_delay_bus(tdq,D[7],Q[7])
$231 min_fall_delay_bus(tdq,D[7],Q[7])
$232 max_fall_delay_bus(tdq,D[7],Q[7])







$233 min_rise_delay_bus(taa_0,CK,Q[0])
$234 max_rise_delay_bus(taa_0,CK,Q[0])
$235 min_fall_delay_bus(taa_0,CK,Q[0])
$236 max_fall_delay_bus(taa_0,CK,Q[0])
$237 min(min_rise_delay_bus(taa_0,CK,Q[0]),min_fall_delay_bus(taa_0,CK,Q[0]))
$238 min(max_rise_delay_bus(taa_0,CK,Q[0]),max_fall_delay_bus(taa_0,CK,Q[0]))
$239 min_rise_delay_bus(taa_0,CK,Q[0])
$240 max_rise_delay_bus(taa_0,CK,Q[0])
$241 min(min_rise_delay_bus(taa_0,CK,Q[0]),min_fall_delay_bus(taa_0,CK,Q[0]))
$242 min(max_rise_delay_bus(taa_0,CK,Q[0]),max_fall_delay_bus(taa_0,CK,Q[0]))
$243 min_fall_delay_bus(taa_0,CK,Q[0])
$244 max_fall_delay_bus(taa_0,CK,Q[0])

$245 min_rise_delay_bus(taa_1,CK,Q[1])
$246 max_rise_delay_bus(taa_1,CK,Q[1])
$247 min_fall_delay_bus(taa_1,CK,Q[1])
$248 max_fall_delay_bus(taa_1,CK,Q[1])
$249 min(min_rise_delay_bus(taa_1,CK,Q[1]),min_fall_delay_bus(taa_1,CK,Q[1]))
$250 min(max_rise_delay_bus(taa_1,CK,Q[1]),max_fall_delay_bus(taa_1,CK,Q[1]))
$251 min_rise_delay_bus(taa_1,CK,Q[1])
$252 max_rise_delay_bus(taa_1,CK,Q[1])
$253 min(min_rise_delay_bus(taa_1,CK,Q[1]),min_fall_delay_bus(taa_1,CK,Q[1]))
$254 min(max_rise_delay_bus(taa_1,CK,Q[1]),max_fall_delay_bus(taa_1,CK,Q[1]))
$255 min_fall_delay_bus(taa_1,CK,Q[1])
$256 max_fall_delay_bus(taa_1,CK,Q[1])

$257 min_rise_delay_bus(taa_2,CK,Q[2])
$258 max_rise_delay_bus(taa_2,CK,Q[2])
$259 min_fall_delay_bus(taa_2,CK,Q[2])
$260 max_fall_delay_bus(taa_2,CK,Q[2])
$261 min(min_rise_delay_bus(taa_2,CK,Q[2]),min_fall_delay_bus(taa_2,CK,Q[2]))
$262 min(max_rise_delay_bus(taa_2,CK,Q[2]),max_fall_delay_bus(taa_2,CK,Q[2]))
$263 min_rise_delay_bus(taa_2,CK,Q[2])
$264 max_rise_delay_bus(taa_2,CK,Q[2])
$265 min(min_rise_delay_bus(taa_2,CK,Q[2]),min_fall_delay_bus(taa_2,CK,Q[2]))
$266 min(max_rise_delay_bus(taa_2,CK,Q[2]),max_fall_delay_bus(taa_2,CK,Q[2]))
$267 min_fall_delay_bus(taa_2,CK,Q[2])
$268 max_fall_delay_bus(taa_2,CK,Q[2])

$269 min_rise_delay_bus(taa_3,CK,Q[3])
$270 max_rise_delay_bus(taa_3,CK,Q[3])
$271 min_fall_delay_bus(taa_3,CK,Q[3])
$272 max_fall_delay_bus(taa_3,CK,Q[3])
$273 min(min_rise_delay_bus(taa_3,CK,Q[3]),min_fall_delay_bus(taa_3,CK,Q[3]))
$274 min(max_rise_delay_bus(taa_3,CK,Q[3]),max_fall_delay_bus(taa_3,CK,Q[3]))
$275 min_rise_delay_bus(taa_3,CK,Q[3])
$276 max_rise_delay_bus(taa_3,CK,Q[3])
$277 min(min_rise_delay_bus(taa_3,CK,Q[3]),min_fall_delay_bus(taa_3,CK,Q[3]))
$278 min(max_rise_delay_bus(taa_3,CK,Q[3]),max_fall_delay_bus(taa_3,CK,Q[3]))
$279 min_fall_delay_bus(taa_3,CK,Q[3])
$280 max_fall_delay_bus(taa_3,CK,Q[3])

$281 min_rise_delay_bus(taa_4,CK,Q[4])
$282 max_rise_delay_bus(taa_4,CK,Q[4])
$283 min_fall_delay_bus(taa_4,CK,Q[4])
$284 max_fall_delay_bus(taa_4,CK,Q[4])
$285 min(min_rise_delay_bus(taa_4,CK,Q[4]),min_fall_delay_bus(taa_4,CK,Q[4]))
$286 min(max_rise_delay_bus(taa_4,CK,Q[4]),max_fall_delay_bus(taa_4,CK,Q[4]))
$287 min_rise_delay_bus(taa_4,CK,Q[4])
$288 max_rise_delay_bus(taa_4,CK,Q[4])
$289 min(min_rise_delay_bus(taa_4,CK,Q[4]),min_fall_delay_bus(taa_4,CK,Q[4]))
$290 min(max_rise_delay_bus(taa_4,CK,Q[4]),max_fall_delay_bus(taa_4,CK,Q[4]))
$291 min_fall_delay_bus(taa_4,CK,Q[4])
$292 max_fall_delay_bus(taa_4,CK,Q[4])

$293 min_rise_delay_bus(taa_5,CK,Q[5])
$294 max_rise_delay_bus(taa_5,CK,Q[5])
$295 min_fall_delay_bus(taa_5,CK,Q[5])
$296 max_fall_delay_bus(taa_5,CK,Q[5])
$297 min(min_rise_delay_bus(taa_5,CK,Q[5]),min_fall_delay_bus(taa_5,CK,Q[5]))
$298 min(max_rise_delay_bus(taa_5,CK,Q[5]),max_fall_delay_bus(taa_5,CK,Q[5]))
$299 min_rise_delay_bus(taa_5,CK,Q[5])
$300 max_rise_delay_bus(taa_5,CK,Q[5])
$301 min(min_rise_delay_bus(taa_5,CK,Q[5]),min_fall_delay_bus(taa_5,CK,Q[5]))
$302 min(max_rise_delay_bus(taa_5,CK,Q[5]),max_fall_delay_bus(taa_5,CK,Q[5]))
$303 min_fall_delay_bus(taa_5,CK,Q[5])
$304 max_fall_delay_bus(taa_5,CK,Q[5])

$305 min_rise_delay_bus(taa_6,CK,Q[6])
$306 max_rise_delay_bus(taa_6,CK,Q[6])
$307 min_fall_delay_bus(taa_6,CK,Q[6])
$308 max_fall_delay_bus(taa_6,CK,Q[6])
$309 min(min_rise_delay_bus(taa_6,CK,Q[6]),min_fall_delay_bus(taa_6,CK,Q[6]))
$310 min(max_rise_delay_bus(taa_6,CK,Q[6]),max_fall_delay_bus(taa_6,CK,Q[6]))
$311 min_rise_delay_bus(taa_6,CK,Q[6])
$312 max_rise_delay_bus(taa_6,CK,Q[6])
$313 min(min_rise_delay_bus(taa_6,CK,Q[6]),min_fall_delay_bus(taa_6,CK,Q[6]))
$314 min(max_rise_delay_bus(taa_6,CK,Q[6]),max_fall_delay_bus(taa_6,CK,Q[6]))
$315 min_fall_delay_bus(taa_6,CK,Q[6])
$316 max_fall_delay_bus(taa_6,CK,Q[6])

$317 min_rise_delay_bus(taa_7,CK,Q[7])
$318 max_rise_delay_bus(taa_7,CK,Q[7])
$319 min_fall_delay_bus(taa_7,CK,Q[7])
$320 max_fall_delay_bus(taa_7,CK,Q[7])
$321 min(min_rise_delay_bus(taa_7,CK,Q[7]),min_fall_delay_bus(taa_7,CK,Q[7]))
$322 min(max_rise_delay_bus(taa_7,CK,Q[7]),max_fall_delay_bus(taa_7,CK,Q[7]))
$323 min_rise_delay_bus(taa_7,CK,Q[7])
$324 max_rise_delay_bus(taa_7,CK,Q[7])
$325 min(min_rise_delay_bus(taa_7,CK,Q[7]),min_fall_delay_bus(taa_7,CK,Q[7]))
$326 min(max_rise_delay_bus(taa_7,CK,Q[7]),max_fall_delay_bus(taa_7,CK,Q[7]))
$327 min_fall_delay_bus(taa_7,CK,Q[7])
$328 max_fall_delay_bus(taa_7,CK,Q[7])


$329 min(min_rise_retain_delay(taa_0,CK,Q[0]),min_fall_retain_delay(taa_0,CK,Q[0]))
$330 min(max_rise_retain_delay(taa_0,CK,Q[0]),max_fall_retain_delay(taa_0,CK,Q[0]))
$331 min(min_fall_retain_delay(taa_0,CK,Q[0]),min_rise_retain_delay(taa_0,CK,Q[0]))
$332 min(max_fall_retain_delay(taa_0,CK,Q[0]),max_rise_retain_delay(taa_0,CK,Q[0]))
$333 min(min_rise_retain_delay(taa_1,CK,Q[1]),min_fall_retain_delay(taa_1,CK,Q[1]))
$334 min(max_rise_retain_delay(taa_1,CK,Q[1]),max_fall_retain_delay(taa_1,CK,Q[1]))
$335 min(min_fall_retain_delay(taa_1,CK,Q[1]),min_rise_retain_delay(taa_1,CK,Q[1]))
$336 min(max_fall_retain_delay(taa_1,CK,Q[1]),max_rise_retain_delay(taa_1,CK,Q[1]))
$337 min(min_rise_retain_delay(taa_2,CK,Q[2]),min_fall_retain_delay(taa_2,CK,Q[2]))
$338 min(max_rise_retain_delay(taa_2,CK,Q[2]),max_fall_retain_delay(taa_2,CK,Q[2]))
$339 min(min_fall_retain_delay(taa_2,CK,Q[2]),min_rise_retain_delay(taa_2,CK,Q[2]))
$340 min(max_fall_retain_delay(taa_2,CK,Q[2]),max_rise_retain_delay(taa_2,CK,Q[2]))
$341 min(min_rise_retain_delay(taa_3,CK,Q[3]),min_fall_retain_delay(taa_3,CK,Q[3]))
$342 min(max_rise_retain_delay(taa_3,CK,Q[3]),max_fall_retain_delay(taa_3,CK,Q[3]))
$343 min(min_fall_retain_delay(taa_3,CK,Q[3]),min_rise_retain_delay(taa_3,CK,Q[3]))
$344 min(max_fall_retain_delay(taa_3,CK,Q[3]),max_rise_retain_delay(taa_3,CK,Q[3]))
$345 min(min_rise_retain_delay(taa_4,CK,Q[4]),min_fall_retain_delay(taa_4,CK,Q[4]))
$346 min(max_rise_retain_delay(taa_4,CK,Q[4]),max_fall_retain_delay(taa_4,CK,Q[4]))
$347 min(min_fall_retain_delay(taa_4,CK,Q[4]),min_rise_retain_delay(taa_4,CK,Q[4]))
$348 min(max_fall_retain_delay(taa_4,CK,Q[4]),max_rise_retain_delay(taa_4,CK,Q[4]))
$349 min(min_rise_retain_delay(taa_5,CK,Q[5]),min_fall_retain_delay(taa_5,CK,Q[5]))
$350 min(max_rise_retain_delay(taa_5,CK,Q[5]),max_fall_retain_delay(taa_5,CK,Q[5]))
$351 min(min_fall_retain_delay(taa_5,CK,Q[5]),min_rise_retain_delay(taa_5,CK,Q[5]))
$352 min(max_fall_retain_delay(taa_5,CK,Q[5]),max_rise_retain_delay(taa_5,CK,Q[5]))
$353 min(min_rise_retain_delay(taa_6,CK,Q[6]),min_fall_retain_delay(taa_6,CK,Q[6]))
$354 min(max_rise_retain_delay(taa_6,CK,Q[6]),max_fall_retain_delay(taa_6,CK,Q[6]))
$355 min(min_fall_retain_delay(taa_6,CK,Q[6]),min_rise_retain_delay(taa_6,CK,Q[6]))
$356 min(max_fall_retain_delay(taa_6,CK,Q[6]),max_rise_retain_delay(taa_6,CK,Q[6]))
$357 min(min_rise_retain_delay(taa_7,CK,Q[7]),min_fall_retain_delay(taa_7,CK,Q[7]))
$358 min(max_rise_retain_delay(taa_7,CK,Q[7]),max_fall_retain_delay(taa_7,CK,Q[7]))
$359 min(min_fall_retain_delay(taa_7,CK,Q[7]),min_rise_retain_delay(taa_7,CK,Q[7]))
$360 min(max_fall_retain_delay(taa_7,CK,Q[7]),max_rise_retain_delay(taa_7,CK,Q[7]))



$361 min_fall_delay(taa_ry,CK,RY)
$362 max_fall_delay(taa_ry,CK,RY)
$363 min_rise_delay(taa_ry,CK,RY)
$364 max_rise_delay(taa_ry,CK,RY)

$365 min_rise_delay(tck_ry,CK,RY)
$366 max_rise_delay(tck_ry,CK,RY)




$SDF_CELL_END

